huyendv@huyendv:~/Desktop/linux/custom_driver/overlay$ cd
huyendv@huyendv:~$ 
huyendv@huyendv:~$ 
huyendv@huyendv:~$ sudo miniterm /dev/ttyUSB0 115200 --eol LF --raw
[sudo] password for huyendv: 
--- Miniterm on /dev/ttyUSB0  115200,8,N,1 ---
--- Quit: Ctrl+] | Menu: Ctrl+T | Help: Ctrl+T followed by Ctrl+H ---

U-Boot SPL 2019.04 (Aug 17 2023 - 22:06:53 +0700)
Trying to boot from MMC1
Loading Environment from FAT... OK


U-Boot 2019.04 (Aug 17 2023 - 22:06:53 +0700)

CPU  : AM335X-GP rev 2.1
Model: TI AM335x BeagleBone Black
DRAM:  512 MiB
NAND:  0 MiB
MMC:   OMAP SD/MMC: 0, OMAP SD/MMC: 1
Loading Environment from FAT... OK
<ethaddr> not set. Validating first E-fuse MAC
Net:   eth0: ethernet@4a100000
Warning: usb_ether MAC addresses don't match:
Address in ROM is          de:ad:be:ef:00:01
Address in environment is  98:f0:7b:60:27:b3
, eth1: usb_ether
Hit any key to stop autoboot:  0 
=> setenv bootsettings setenv bootargs console=ttyO0,115200n8 root=/dev/mmcblk0p2 rw rootfstype=ext4 rootwait earlyprintk mem=512M
=> load mmc 0:1 ${loadaddr} uImage
9994816 bytes read in 639 ms (14.9 MiB/s)
=> setenv fdtaddr 0x87f00000
=> setenv fdtovaddr 0x87fc0000
=> load mmc 0:1 ${fdtaddr} am335x-boneblack.dtb
96040 bytes read in 7 ms (13.1 MiB/s)
=> load mmc 0:2 ${fdtovaddr} /lib/firmware/pcdev0.dtbo
517 bytes read in 9 ms (55.7 KiB/s)
=> fdt addr $fdtaddr                                  
=> fdt resize 8192
=> fdt apply $fdtovaddr
=> load mmc 0:2 ${fdtovaddr} /lib/firmware/pcdev1.dtbo
225 bytes read in 2 ms (109.4 KiB/s)
=> fdt apply $fdtovaddr
=> run bootsettings
=> bootm ${loadaddr} - ${fdtaddr}
## Booting kernel from Legacy Image at 82000000 ...
   Image Name:   Linux-5.4.106+
   Created:      2023-08-19   4:25:24 UTC
   Image Type:   ARM Linux Kernel Image (uncompressed)
   Data Size:    9994752 Bytes = 9.5 MiB
   Load Address: 80008000
   Entry Point:  80008000
   Verifying Checksum ... OK
## Flattened Device Tree blob at 87f00000
   Booting using the fdt blob at 0x87f00000
   Loading Kernel Image ... OK
   Loading Device Tree to 8ffdd000, end 8fffffff ... OK

Starting kernel ...

[    0.000000] Booting Linux on physical CPU 0x0
[    0.000000] Linux version 5.4.106+ (huyendv@huyendv) (gcc version 11.3.0 (GCC)) #1 SMP PREEMPT Sat Aug 19 11:06:00 +07 2023
[    0.000000] CPU: ARMv7 Processor [413fc082] revision 2 (ARMv7), cr=10c5387d
[    0.000000] CPU: PIPT / VIPT nonaliasing data cache, VIPT aliasing instruction cache
[    0.000000] OF: fdt: Machine model: TI AM335x BeagleBone Black
[    0.000000] Memory policy: Data cache writeback
[    0.000000] efi: Getting EFI parameters from FDT:
[    0.000000] efi: UEFI not found.
[    0.000000] cma: Reserved 48 MiB at 0x9c800000
[    0.000000] CPU: All CPU(s) started in SVC mode.
[    0.000000] AM335X ES2.1 (sgx neon)
[    0.000000] percpu: Embedded 20 pages/cpu s53132 r8192 d20596 u81920
[    0.000000] Built 1 zonelists, mobility grouping on.  Total pages: 129412
[    0.000000] Kernel command line: console=ttyO0,115200n8 root=/dev/mmcblk0p2 rw rootfstype=ext4 rootwait earlyprintk mem=512M
[    0.000000] Dentry cache hash table entries: 65536 (order: 6, 262144 bytes, linear)
[    0.000000] Inode-cache hash table entries: 32768 (order: 5, 131072 bytes, linear)
[    0.000000] mem auto-init: stack:off, heap alloc:off, heap free:off
[    0.000000] Memory: 446500K/522240K available (14336K kernel code, 1137K rwdata, 3792K rodata, 1024K init, 360K bss, 26588K reserved, 49152K cma-reserved, 0K highmem)
[    0.000000] random: get_random_u32 called from __kmem_cache_create+0x44/0x564 with crng_init=0
[    0.000000] SLUB: HWalign=64, Order=0-3, MinObjects=0, CPUs=1, Nodes=1
[    0.000000] ftrace: allocating 43133 entries in 85 pages
[    0.000000] rcu: Preemptible hierarchical RCU implementation.
[    0.000000] rcu: 	RCU restricting CPUs from NR_CPUS=2 to nr_cpu_ids=1.
[    0.000000] 	Tasks RCU enabled.
[    0.000000] rcu: RCU calculated value of scheduler-enlistment delay is 25 jiffies.
[    0.000000] rcu: Adjusting geometry for rcu_fanout_leaf=16, nr_cpu_ids=1
[    0.000000] NR_IRQS: 16, nr_irqs: 16, preallocated irqs: 16
[    0.000000] IRQ: Found an INTC at 0x(ptrval) (revision 5.0) with 128 interrupts
[    0.000000] OMAP clockevent source: timer2 at 24000000 Hz
[    0.000018] sched_clock: 32 bits at 24MHz, resolution 41ns, wraps every 89478484971ns
[    0.000043] clocksource: timer1: mask: 0xffffffff max_cycles: 0xffffffff, max_idle_ns: 79635851949 ns
[    0.000056] OMAP clocksource: timer1 at 24000000 Hz
[    0.001096] timer_probe: no matching timers found
[    0.001324] Console: colour dummy device 80x30
[    0.001363] WARNING: Your 'console=ttyO0' has been replaced by 'ttyS0'
[    0.001371] This ensures that you still see kernel messages. Please
[    0.001378] update your kernel commandline.
[    0.001440] Calibrating delay loop... 995.32 BogoMIPS (lpj=1990656)
[    0.046813] pid_max: default: 32768 minimum: 301
[    0.047111] LSM: Security Framework initializing
[    0.047209] Yama: becoming mindful.
[    0.047388] AppArmor: AppArmor initialized
[    0.047406] TOMOYO Linux initialized
[    0.047515] Mount-cache hash table entries: 1024 (order: 0, 4096 bytes, linear)
[    0.047531] Mountpoint-cache hash table entries: 1024 (order: 0, 4096 bytes, linear)
[    0.047630] *** VALIDATE tmpfs ***
[    0.048453] *** VALIDATE proc ***
[    0.048881] *** VALIDATE cgroup1 ***
[    0.048899] *** VALIDATE cgroup2 ***
[    0.048986] CPU: Testing write buffer coherency: ok
[    0.049058] CPU0: Spectre v2: using BPIALL workaround
[    0.049609] CPU0: thread -1, cpu 0, socket -1, mpidr 0
[    0.050653] Setting up static identity map for 0x80100000 - 0x80100060
[    0.051008] rcu: Hierarchical SRCU implementation.
[    0.054643] EFI services will not be available.
[    0.055236] smp: Bringing up secondary CPUs ...
[    0.055256] smp: Brought up 1 node, 1 CPU
[    0.055268] SMP: Total of 1 processors activated (995.32 BogoMIPS).
[    0.055277] CPU: All CPU(s) started in SVC mode.
[    0.056185] devtmpfs: initialized
[    0.074717] VFP support v0.3: implementor 41 architecture 3 part 30 variant c rev 3
[    0.075511] clocksource: jiffies: mask: 0xffffffff max_cycles: 0xffffffff, max_idle_ns: 7645041785100000 ns
[    0.075546] futex hash table entries: 256 (order: 2, 16384 bytes, linear)
[    0.079556] xor: automatically using best checksumming function   neon      
[    0.079587] pinctrl core: initialized pinctrl subsystem
[    0.081120] NET: Registered protocol family 16
[    0.085255] DMA: preallocated 256 KiB pool for atomic coherent allocations
[    0.133085] l3-aon-clkctrl:0000:0: failed to disable
[    0.134859] audit: initializing netlink subsys (disabled)
[    0.136309] cpuidle: using governor ladder
[    0.136370] cpuidle: using governor menu
[    0.142901] audit: type=2000 audit(0.128:1): state=initialized audit_enabled=0 res=1
[    0.163748] hw-breakpoint: debug architecture 0x4 unsupported.
[    0.188240] raid6: using algorithm neonx8 gen() 0 MB/s
[    0.188264] raid6: .... xor() 0 MB/s, rmw enabled
[    0.188274] raid6: using neon recovery algorithm
[    0.197495] debugfs: Directory '49000000.edma' with parent 'dmaengine' already present!
[    0.197540] edma 49000000.edma: TI EDMA DMA engine driver
[    0.200672] iommu: Default domain type: Translated 
[    0.203299] SCSI subsystem initialized
[    0.204081] usbcore: registered new interface driver usbfs
[    0.204149] usbcore: registered new interface driver hub
[    0.204205] usbcore: registered new device driver usb
[    0.205263] mc: Linux media interface: v0.10
[    0.205313] videodev: Linux video capture interface: v2.00
[    0.205479] pps_core: LinuxPPS API ver. 1 registered
[    0.205490] pps_core: Software ver. 5.3.6 - Copyright 2005-2007 Rodolfo Giometti <giometti@linux.it>
[    0.205515] PTP clock support registered
[    0.207449] NetLabel: Initializing
[    0.207469] NetLabel:  domain hash size = 128
[    0.207477] NetLabel:  protocols = UNLABELED CIPSOv4 CALIPSO
[    0.207584] NetLabel:  unlabeled traffic allowed by default
[    0.208747] clocksource: Switched to clocksource timer1
[    1.028750] random: fast init done
[    1.031842] *** VALIDATE bpf ***
[    1.032228] VFS: Disk quotas dquot_6.6.0
[    1.032347] VFS: Dquot-cache hash table entries: 1024 (order 0, 4096 bytes)
[    1.032492] *** VALIDATE ramfs ***
[    1.033718] AppArmor: AppArmor Filesystem Enabled
[    1.046592] thermal_sys: Registered thermal governor 'fair_share'
[    1.046603] thermal_sys: Registered thermal governor 'bang_bang'
[    1.046625] thermal_sys: Registered thermal governor 'step_wise'
[    1.047323] NET: Registered protocol family 2
[    1.048553] tcp_listen_portaddr_hash hash table entries: 512 (order: 0, 6144 bytes, linear)
[    1.048598] TCP established hash table entries: 4096 (order: 2, 16384 bytes, linear)
[    1.048645] TCP bind hash table entries: 4096 (order: 3, 32768 bytes, linear)
[    1.048706] TCP: Hash tables configured (established 4096 bind 4096)
[    1.049034] UDP hash table entries: 256 (order: 1, 8192 bytes, linear)
[    1.049065] UDP-Lite hash table entries: 256 (order: 1, 8192 bytes, linear)
[    1.049337] NET: Registered protocol family 1
[    1.050395] RPC: Registered named UNIX socket transport module.
[    1.050413] RPC: Registered udp transport module.
[    1.050422] RPC: Registered tcp transport module.
[    1.050430] RPC: Registered tcp NFSv4.1 backchannel transport module.
[    1.050447] NET: Registered protocol family 44
[    1.052045] hw perfevents: enabled with armv7_cortex_a8 PMU driver, 5 counters available
[    1.054859] Initialise system trusted keyrings
[    1.055336] workingset: timestamp_bits=14 max_order=17 bucket_order=3
[    1.063512] zbud: loaded
[    1.066890] NFS: Registering the id_resolver key type
[    1.066950] Key type id_resolver registered
[    1.066961] Key type id_legacy registered
[    1.066984] nfs4filelayout_init: NFSv4 File Layout Driver Registering...
[    1.067398] fuse: init (API version 7.31)
[    1.067559] *** VALIDATE fuse ***
[    1.067578] *** VALIDATE fuse ***
[    1.102502] Key type asymmetric registered
[    1.102527] Asymmetric key parser 'x509' registered
[    1.102612] Block layer SCSI generic (bsg) driver version 0.4 loaded (major 244)
[    1.102949] io scheduler mq-deadline registered
[    1.111027] OMAP GPIO hardware version 0.1
[    1.143980] omap-mailbox 480c8000.mailbox: omap mailbox rev 0x400
[    1.159809] omap_i2c 4819c000.i2c: bus 2 rev0.11 at 100 kHz
[    1.177800] pinctrl-single 44e10800.pinmux: 142 pins, size 568
[    1.179358] gpio-of-helper ocp:cape-universal: ready
[    1.187163] wkup_m3_ipc 44e11324.wkup_m3_ipc: could not get rproc handle
[    1.190460] Serial: 8250/16550 driver, 6 ports, IRQ sharing disabled
[    1.195148] 44e09000.serial: ttyS0 at MMIO 0x44e09000 (irq = 29, base_baud = 3000000) is a 8250
[    1.975317] printk: console [ttyS0] enabled
[    1.983578] omap_rng 48310000.rng: Random Number Generator ver. 20
[    1.990204] random: crng init done
[    1.995562] sdhci: Secure Digital Host Controller Interface driver
[    2.001859] sdhci: Copyright(c) Pierre Ossman
[    2.007239] omap_gpio 44e07000.gpio: Could not set line 6 debounce to 200000 microseconds (-22)
[    2.016058] omap_hsmmc 48060000.mmc: Got CD GPIO
[    2.074114] omap_hsmmc 47810000.mmc: RX DMA channel request failed
[    2.085292] sdhci-pltfm: SDHCI platform and OF driver helper
[    2.095164] mmc0: host does not support reading read-only switch, assuming write-enable
[    2.110664] mmc0: Problem switching card into high-speed mode!
[    2.119592] mmc0: new SDHC card at address 0001
[    2.125413] mmcblk0: mmc0:0001 USD 29.8 GiB 
[    2.132687]  mmcblk0: p1 p2
[    2.159076] mmc1: new high speed MMC card at address 0001
[    2.165701] mmcblk1: mmc1:0001 M62704 3.56 GiB 
[    2.170755] mmcblk1boot0: mmc1:0001 M62704 partition 1 2.00 MiB
[    2.177155] mmcblk1boot1: mmc1:0001 M62704 partition 2 2.00 MiB
[    2.183476] mmcblk1rpmb: mmc1:0001 M62704 partition 3 512 KiB, chardev (243:0)
[    3.124768] omap_i2c 4819c000.i2c: timeout waiting for bus ready
[    4.136752] omap_i2c 4819c000.i2c: timeout waiting for bus ready
[    5.152793] omap_i2c 4819c000.i2c: timeout waiting for bus ready
[    6.164750] omap_i2c 4819c000.i2c: timeout waiting for bus ready
[    7.180757] omap_i2c 4819c000.i2c: timeout waiting for bus ready
[    8.192751] omap_i2c 4819c000.i2c: timeout waiting for bus ready
[    9.208756] omap_i2c 4819c000.i2c: timeout waiting for bus ready
[   10.220750] omap_i2c 4819c000.i2c: timeout waiting for bus ready
[   10.233745] libphy: Fixed MDIO Bus: probed
[   10.280855] davinci_mdio 4a101000.mdio: davinci mdio revision 1.6, bus freq 1000000
[   10.288610] libphy: 4a101000.mdio: probed
[   10.294522] davinci_mdio 4a101000.mdio: phy[0]: device 4a101000.mdio:00, driver SMSC LAN8710/LAN8720
[   10.304110] cpsw 4a100000.ethernet: initialized cpsw ale version 1.4
[   10.310604] cpsw 4a100000.ethernet: ALE Table size 1024
[   10.316089] cpsw 4a100000.ethernet: cpts: overflow check period 1250 (jiffies)
[   10.323512] cpsw 4a100000.ethernet: Detected MACID = 98:f0:7b:60:27:b1
[   10.332667] usbcore: registered new interface driver smsc95xx
[   10.340889] ehci_hcd: USB 2.0 'Enhanced' Host Controller (EHCI) Driver
[   10.347549] ehci-platform: EHCI generic platform driver
[   10.353307] ehci-omap: OMAP-EHCI Host Controller driver
[   10.360178] usbcore: registered new interface driver uas
[   10.365725] usbcore: registered new interface driver usb-storage
[   10.371839] usbcore: registered new interface driver ums-alauda
[   10.377847] usbcore: registered new interface driver ums-cypress
[   10.383939] usbcore: registered new interface driver ums-datafab
[   10.390029] usbcore: registered new interface driver ums_eneub6250
[   10.396294] usbcore: registered new interface driver ums-freecom
[   10.402383] usbcore: registered new interface driver ums-isd200
[   10.408398] usbcore: registered new interface driver ums-jumpshot
[   10.414766] usbcore: registered new interface driver ums-karma
[   10.420704] usbcore: registered new interface driver ums-onetouch
[   10.426906] usbcore: registered new interface driver ums-realtek
[   10.433003] usbcore: registered new interface driver ums-sddr09
[   10.439007] usbcore: registered new interface driver ums-sddr55
[   10.445010] usbcore: registered new interface driver ums-usbat
[   10.454926] am335x-phy-driver 47401300.usb-phy: 47401300.usb-phy supply vcc not found, using dummy regulator
[   10.471896] am335x-phy-driver 47401b00.usb-phy: 47401b00.usb-phy supply vcc not found, using dummy regulator
[   10.492243] musb-hdrc musb-hdrc.1: MUSB HDRC host driver
[   10.497802] musb-hdrc musb-hdrc.1: new USB bus registered, assigned bus number 1
[   10.505620] usb usb1: New USB device found, idVendor=1d6b, idProduct=0002, bcdDevice= 5.04
[   10.513966] usb usb1: New USB device strings: Mfr=3, Product=2, SerialNumber=1
[   10.521245] usb usb1: Product: MUSB HDRC host driver
[   10.526254] usb usb1: Manufacturer: Linux 5.4.106+ musb-hcd
[   10.531874] usb usb1: SerialNumber: musb-hdrc.1
[   10.537391] hub 1-0:1.0: USB hub found
[   10.541379] hub 1-0:1.0: 1 port detected
[   10.566025] omap_rtc 44e3e000.rtc: registered as rtc0
[   10.573010] i2c /dev entries driver
[   10.581369] omap_wdt: OMAP Watchdog Timer Rev 0x01: initial timeout 60 sec
[   10.589004] softdog: initialized. soft_noboot=0 soft_margin=60 sec soft_panic=0 (nowayout=0)
[   10.599585] cpuidle: enable-method property 'ti,am3352' found operations
[   10.608323] ledtrig-cpu: registered to indicate activity on CPUs
[   10.615160] omap-aes 53500000.aes: OMAP AES hw accel rev: 3.2
[   10.621456] omap-aes 53500000.aes: will run requests pump with realtime priority
[   10.631982] omap-sham 53100000.sham: hw accel on OMAP rev 4.3
[   10.642499] hidraw: raw HID events driver (C) Jiri Kosina
[   10.649599] usbcore: registered new interface driver usbhid
[   10.655535] usbhid: USB HID core driver
[   10.660998] remoteproc remoteproc0: wkup_m3 is available
[   10.670491] drop_monitor: Initializing network drop monitor service
[   10.677041] wireguard: WireGuard 0.0.20191219 loaded. See www.wireguard.com for information.
[   10.685684] wireguard: Copyright (C) 2015-2019 Jason A. Donenfeld <Jason@zx2c4.com>. All Rights Reserved.
[   10.696319] NET: Registered protocol family 10
[   10.705502] Segment Routing with IPv6
[   10.709612] mip6: Mobile IPv6
[   10.712609] NET: Registered protocol family 17
[   10.717791] Key type dns_resolver registered
[   10.722263] mpls_gso: MPLS GSO support
[   10.726348] ThumbEE CPU extension supported.
[   10.730765] Registering SWP/SWPB emulation handler
[   10.735656] omap_voltage_late_init: Voltage driver support not added
[   10.742500] PM: Cannot get wkup_m3_ipc handle
[   10.747777] registered taskstats version 1
[   10.751975] Loading compiled-in X.509 certificates
[   10.756980] zswap: loaded using pool lzo/zbud
[   10.761823] Key type ._fscrypt registered
[   10.765905] Key type .fscrypt registered
[   10.774212] Btrfs loaded, crc32c=crc32c-generic
[   10.778985] AppArmor: AppArmor sha1 policy hashing enabled
[   10.846878] tps6521x_pwrbutton tps65217-pwrbutton: DMA mask not set
[   10.854259] input: tps65217_pwr_but as /devices/platform/ocp/44c00000.interconnect/44c00000.interconnect:segment@200000/44e0b000.target-module/44e0b000.i2c/i2c-0/0-0024/tps65217-pwrbutton/input/input0
[   10.872930] tps65217 0-0024: TPS65217 ID 0xe version 1.2
[   10.879335] at24 0-0050: 32768 byte 24c256 EEPROM, writable, 1 bytes/write
[   11.007624] tda998x 0-0070: found TDA19988
[   11.015994] tilcdc 4830e000.lcdc: bound 0-0070 (ops 0xc0f97648)
[   11.022068] [drm] Supports vblank timestamp caching Rev 2 (21.10.2013).
[   11.028740] [drm] No driver support for vblank timestamp query.
[   11.035805] [drm] Initialized tilcdc 1.0.0 20121205 for 4830e000.lcdc on minor 0
[   11.043754] [drm] Cannot find any crtc or sizes
[   11.048681] omap_i2c 44e0b000.i2c: bus 0 rev0.11 at 400 kHz
[   11.066694] [drm] Cannot find any crtc or sizes
[   11.072547] remoteproc remoteproc0: powering up wkup_m3
[   11.081441] remoteproc remoteproc0: Booting fw image am335x-pm-firmware.elf, size 217148
[   11.092040] remoteproc remoteproc0: remote processor wkup_m3 is now up
[   11.092067] wkup_m3_ipc 44e11324.wkup_m3_ipc: CM3 Firmware Version = 0x192
[   11.106264] PM: Cannot get wkup_m3_ipc handle
[   11.111205] PM: Cannot get wkup_m3_ipc handle
[   11.117210] omap_rtc 44e3e000.rtc: setting system clock to 2000-01-01T00:00:01 UTC (946684801)
[   12.333254] EXT4-fs (mmcblk0p2): recovery complete
[   12.378421] EXT4-fs (mmcblk0p2): mounted filesystem with ordered data mode. Opts: (null)
[   12.386970] VFS: Mounted root (ext4 filesystem) on device 179:2.
[   12.395356] devtmpfs: mounted
[   12.419367] Freeing unused kernel memory: 1024K
[   12.428162] Run /sbin/init as init process
[   12.440849] Not activating Mandatory Access Control as /sbin/tomoyo-init does not exist.
[   13.449617] systemd[1]: System time before build time, advancing clock.
[   13.503847] cgroup2: Unknown parameter 'memory_recursiveprot'
[   13.546269] systemd[1]: systemd 247.3-7+deb11u1 running in system mode. (+PAM +AUDIT +SELINUX +IMA +APPARMOR +SMACK +SYSVINIT +UTMP +LIBCRYPTSETUP +GCRYPT +GNUTLS +ACL +XZ +LZ4 +ZSTD +SECCOMP +BLKID +ELFUTILS +KMOD +IDN2 -IDN +PCRE2 default-hierarchy=unified)
[   13.571519] systemd[1]: Detected architecture arm.

Welcome to Debian GNU/Linux 11 (bullseye)!

[   13.603089] systemd[1]: Set hostname to <arm>.
[   15.180557] systemd[1]: Queued start job for default target Graphical Interface.
[   15.198954] systemd[1]: Created slice system-getty.slice.
[  OK  ] Created slice system-getty.slice.
[   15.223959] systemd[1]: Created slice system-modprobe.slice.
[  OK  ] Created slice system-modprobe.slice.
[   15.248384] systemd[1]: Created slice system-serial\x2dgetty.slice.
[  OK  ] Created slice system-serial\x2dgetty.slice.
[   15.275533] systemd[1]: Created slice User and Session Slice.
[  OK  ] Created slice User and Session Slice.
[   15.298091] systemd[1]: Started Dispatch Password Requests to Console Directory Watch.
[  OK  ] Started Dispatch Password …ts to Console Directory Watch.
[   15.321738] systemd[1]: Started Forward Password Requests to Wall Directory Watch.
[  OK  ] Started Forward Password R…uests to Wall Directory Watch.
[   15.352069] systemd[1]: Set up automount Arbitrary Executable File Formats File System Automount Point.
[  OK  ] Set up automount Arbitrary…s File System Automount Point.
[   15.377473] systemd[1]: Reached target Local Encrypted Volumes.
[  OK  ] Reached target Local Encrypted Volumes.
[   15.401579] systemd[1]: Reached target Paths.
[  OK  ] Reached target Paths.
[   15.417192] systemd[1]: Reached target Remote File Systems.
[  OK  ] Reached target Remote File Systems.
[   15.441116] systemd[1]: Reached target Slices.
[  OK  ] Reached target Slices.
[   15.457283] systemd[1]: Reached target Swap.
[  OK  ] Reached target Swap.
[   15.477120] systemd[1]: Listening on Syslog Socket.
[  OK  ] Listening on Syslog Socket.
[   15.493913] systemd[1]: Listening on initctl Compatibility Named Pipe.
[  OK  ] Listening on initctl Compatibility Named Pipe.
[   15.518882] systemd[1]: Listening on Journal Audit Socket.
[  OK  ] Listening on Journal Audit Socket.
[   15.542318] systemd[1]: Listening on Journal Socket (/dev/log).
[  OK  ] Listening on Journal Socket (/dev/log).
[   15.566495] systemd[1]: Listening on Journal Socket.
[  OK  ] Listening on Journal Socket.
[   15.584368] systemd[1]: Listening on udev Control Socket.
[  OK  ] Listening on udev Control Socket.
[   15.606176] systemd[1]: Listening on udev Kernel Socket.
[  OK  ] Listening on udev Kernel Socket.
[   15.630397] systemd[1]: Condition check resulted in Huge Pages File System being skipped.
[   15.647464] systemd[1]: Mounting POSIX Message Queue File System...
         Mounting POSIX Message Queue File System...
[   15.688057] systemd[1]: Mounting Kernel Debug File System...
         Mounting Kernel Debug File System...
[   15.731892] systemd[1]: Mounting Kernel Trace File System...
         Mounting Kernel Trace File System...
[   15.796387] systemd[1]: Starting Restore / save the current clock...
         Starting Restore / save the current clock...
[   15.833763] systemd[1]: Condition check resulted in Create list of static device nodes for the current kernel being skipped.
[   15.861043] systemd[1]: Starting Load Kernel Module configfs...
         Starting Load Kernel Module configfs...
[   15.934304] systemd[1]: Starting Load Kernel Module drm...
         Starting Load Kernel Module drm...
[   16.002683] systemd[1]: Starting Load Kernel Module fuse...
         Starting Load Kernel Module fuse...
[   16.045745] systemd[1]: Condition check resulted in Set Up Additional Binary Formats being skipped.
[   16.072465] systemd[1]: Starting Journal Service...
         Starting Journal Service...
[   16.138393] systemd[1]: Starting Load Kernel Modules...
         Starting Load Kernel Modules...
[   16.186405] systemd[1]: Starting Remount Root and Kernel File Systems...
         Starting Remount Root and Kernel File Systems...
[   16.267443] systemd[1]: Starting Coldplug All udev Devices...
         Starting Coldplug All udev Devices...
[   16.387879] systemd[1]: Mounted POSIX Message Queue File System.
[  OK  ] Mounted POSIX Message Queue File System.
[   16.448063] systemd[1]: Mounted Kernel Debug File System.
[  OK  ] Mounted Kernel Debug File System.
[   16.487446] systemd[1]: Mounted Kernel Trace File System.
[  OK  ] Mounted Kernel Trace File System.
[   16.520433] systemd[1]: Finished Restore / save the current clock.
[  OK  ] Finished Restore / save the current clock.
[   16.570811] systemd[1]: modprobe@configfs.service: Succeeded.
[   16.601935] systemd[1]: Finished Load Kernel Module configfs.
[  OK  ] Finished Load Kernel Module configfs.
[   16.643419] systemd[1]: modprobe@drm.service: Succeeded.
[   16.673860] systemd[1]: Finished Load Kernel Module drm.
[  OK  ] Finished Load Kernel Module drm.
[   16.717632] systemd[1]: modprobe@fuse.service: Succeeded.
[   16.745807] systemd[1]: Finished Load Kernel Module fuse.
[  OK  ] Finished Load Kernel Module fuse.
[   16.790727] systemd[1]: Finished Load Kernel Modules.
[  OK  ] Finished Load Kernel Modules.
[   16.826828] systemd[1]: Finished Remount Root and Kernel File Systems.
[  OK  ] Finished Remount Root and Kernel File Systems.
[   16.897649] systemd[1]: Mounting FUSE Control File System...
         Mounting FUSE Control File System...
[   17.009650] systemd[1]: Mounting Kernel Configuration File System...
         Mounting Kernel Configuration File System...
[   17.085811] systemd[1]: Condition check resulted in Rebuild Hardware Database being skipped.
[   17.141629] systemd[1]: Condition check resulted in Platform Persistent Storage Archival being skipped.
[   17.209442] systemd[1]: Starting Load/Save Random Seed...
         Starting Load/Save Random Seed...
[   17.266427] systemd[1]: Starting Apply Kernel Variables...
         Starting Apply Kernel Variables...
[   17.330348] systemd[1]: Starting Create System Users...
         Starting Create System Users...
[   17.392386] systemd[1]: Started Journal Service.
[  OK  ] Started Journal Service.
[  OK  ] Mounted FUSE Control File System.
[  OK  ] Mounted Kernel Configuration File System.
         Starting Flush Journal to Persistent Storage...
[  OK  ] Finished Apply Kernel Variables.
[  OK  ] Finished Load/Save Random Seed.
[  OK  ] Finished Create System Users.
         Starting Create Static Device Nodes in /dev...
[   18.214395] systemd-journald[139]: Received client request to flush runtime journal.
[   18.339278] systemd-journald[139]: File /var/log/journal/5d7acfce99624d61b2b259cb6c0cf8a2/system.journal corrupted or uncleanly shut down, renaming and replacing.
[  OK  ] Finished Create Static Device Nodes in /dev.
[  OK  ] Reached target Local File Systems (Pre).
[  OK  ] Reached target Local File Systems.
         Starting Rule-based Manage…for Device Events and Files...
[  OK  ] Finished Coldplug All udev Devices.
         Starting Helper to synchronize boot up for ifupdown...
[  OK  ] Finished Flush Journal to Persistent Storage.
         Starting Create Volatile Files and Directories...
[  OK  ] Finished Helper to synchronize boot up for ifupdown.
[  OK  ] Started Rule-based Manager for Device Events and Files.
         Starting Raise network interfaces...
[  OK  ] Finished Create Volatile Files and Directories.
         Starting Network Time Synchronization...
         Starting Update UTMP about System Boot/Shutdown...
[   22.647503] proc: Bad value for 'hidepid'
[  OK  ] Finished Raise network interfaces.
[  OK  ] Finished Update UTMP about System Boot/Shutdown.
[  OK  ] Started Network Time Synchronization.
[  OK  ] Reached target System Initialization.
[  OK  ] Started Daily Cleanup of Temporary Directories.
[  OK  ] Reached target System Time Set.
[  OK  ] Reached target System Time Synchronized.
[  OK  ] Started Periodic ext4 Onli…ata Check for All Filesystems.
[  OK  ] Started Discard unused blocks once a week.
[  OK  ] Started Daily rotation of log files.
[  OK  ] Reached target Timers.
[  OK  ] Listening on Avahi mDNS/DNS-SD Stack Activation Socket.
[  OK  ] Listening on D-Bus System Message Bus Socket.
[  OK  ] Reached target Sockets.
[  OK  ] Reached target Basic System.
         Starting Avahi mDNS/DNS-SD Stack...
[  OK  ] Started Regular background program processing daemon.
[  OK  ] Started D-Bus System Message Bus.
         Starting Network Manager...
         Starting Remove Stale Onli…t4 Metadata Check Snapshots...
         Starting Authorization Manager...
         Starting System Logging Service...
         Starting User Login Management...
         Starting WPA supplicant...
[  OK  ] Started System Logging Service.
[   24.767055] proc: Bad value for 'hidepid'
[  OK  ] Started Avahi mDNS/DNS-SD Stack.
[  OK  ] Started WPA supplicant.
[  OK  ] Started Authorization Manager.
         Starting Modem Manager...
[  OK  ] Finished Remove Stale Onli…ext4 Metadata Check Snapshots.
[  OK  ] Started User Login Management.
[  OK  ] Started Network Manager.
[  OK  ] Reached target Network.
         Starting A high performanc… and a reverse proxy server...
         Starting OpenBSD Secure Shell server...
         Starting Permit User Sessions...
         Starting Hostname Service...
[  OK  ] Finished Permit User Sessions.
[  OK  ] Started Getty on tty1.
[   27.354291] proc: Bad value for 'hidepid'
[  OK  ] Started Modem Manager.
[  OK  ] Started OpenBSD Secure Shell server.
[  OK  ] Started A high performance…er and a reverse proxy server.
[  OK  ] Started Hostname Service.
         Starting Network Manager Script Dispatcher Service...
[  OK  ] Started Network Manager Script Dispatcher Service.
[  OK  ] Found device /dev/ttyS0.
[  OK  ] Started Serial Getty on ttyS0.
[  OK  ] Reached target Login Prompts.
[  OK  ] Reached target Multi-User System.
[  OK  ] Reached target Graphical Interface.
         Starting Update UTMP about System Runlevel Changes...
[  OK  ] Finished Update UTMP about System Runlevel Changes.

Debian GNU/Linux 11 arm ttyS0

default username:password is [debian:temppwd]

arm login: [   35.502977] cpsw 4a100000.ethernet: initializing cpsw version 1.12 (0)
[   35.601928] SMSC LAN8710/LAN8720 4a101000.mdio:00: attached PHY driver [SMSC LAN8710/LAN8720] (mii_bus:phy_addr=4a101000.mdio:00, irq=POLL)
[   38.697970] cpsw 4a100000.ethernet eth0: Link is Up - 100Mbps/Full - flow control off
[   38.706241] IPv6: ADDRCONF(NETDEV_CHANGE): eth0: link becomes ready
root
Password: 

The programs included with the Debian GNU/Linux system are free software;
the exact distribution terms for each program are described in the
individual files in /usr/share/doc/*/copyright.

Debian GNU/Linux comes with ABSOLUTELY NO WARRANTY, to the extent
permitted by applicable law.
Last login: Thu Oct  6 19:49:57 UTC 2022 on ttyS0
root@arm:~# 
root@arm:~# 
root@arm:~# ls /sys/devices/platform/
 4b000000.pmu	     fixedregulator0   pcdev-2	   serial8250   uevent
'Fixed MDIO bus.0'   leds	       pm33xx	   soc
 clk_mcasp0	     ocp	       power	   sound
 cpufreq-dt	     opp-table	       reg-dummy   ti-cpufreq
root@arm:~# 
root@arm:~# 
root@arm:~# 
root@arm:~# 
root@arm:~# 
root@arm:~# 
root@arm:~# 
root@arm:~# 
root@arm:~# 
root@arm:~# 

